// Jest Snapshot v1, https://goo.gl/fbAQLP

exports[`contact reducer  successfully adds new contact 1`] = `
Object {
  "contacts": Array [
    Object {
      "name": "test contact",
      "phone": "1234567890",
    },
  ],
  "user": Object {},
}
`;

exports[`user reducer  successfully updates user 1`] = `
Object {
  "contacts": Array [],
  "user": Object {
    "name": "test user",
  },
}
`;
